I'm sorry, but errors were detected in your script. Please correct the
errors listed below, and try again.


File "game/script.rpy", line 1206: end of line expected.
    show karen angry at rightishwith moveinright
                                     ^

Ren'Py Version: Ren'Py 8.1.1.23060707
Sat Aug 23 15:20:36 2025
